tests/test-directory/dir-1/dir-2/test-4-dir-2.txt:1, http://www.python.org/
  Sed condimentum efficitur orci, sed mollis tellus mollis a. Nullam http://www.python.org/
  tempus magna ac felis iaculis rhoncus. Ut in sodales lectus. Integer vestibulum malesuada

tests/test-directory/dir-1/dir-2/test-4-dir-2.txt:4, http://docs.python.org/something
  ullamcorper. Integer quis ultricies odio. Fusce tincidunt a ligula id blandit. Integer
  dignissim blandit turpis ac maximus. Donec http://docs.python.org/something eget justo tempus,
  mauris.

tests/test-directory/dir-1/test-3-dir-1.txt:3, http://www.google.de/test
  porta. Fusce tincidunt dolor enim, in egestas neque ornare ac. Aliquam et commodo tortor, sit amet
  efficitur orci. Maecenas ut egestas urna. Sed suscipit ligula http://www.google.de/test augue, quis pretium
  in. Etiam venenatis eu sapien vel faucibus. Donec at lectus ex. Donec id eros sed magna sodales

tests/test-directory/test-1-dir-0.txt:2, https://www.github.com/
  Lorem ipsum dolor sit amet, consectetur adipiscing elit. Vestibulum convallis augue vel vestibulum
  eleifend. In elementum, ipsum eget condimentum https://www.github.com/ commodo, dolor dolor gravida
  est, ac euismod dolor. Lorem ipsum dolor sit amet, consectetur adipiscing elit. Cras rhoncus iaculis

tests/test-directory/test-1-dir-0.txt:5, https://www.bing.com
  lacus. Vestibulum porttitor justo leo, at scelerisque erat imperdiet eget. Integer dignissim velit
  ac mauris aliquet, in feugiat ipsum ultrices. Proin non velit ut neque https://www.bing.com consectetur
  ut nec urna. Vestibulum ac ipsum fringilla, ipsum lobortis, placerat magna. Quisque commodo sapien a

tests/test-directory/test-2-dir-0.txt:1, http://www.7756466.com
  Cras pretium tincidunt leo eget elementum. In http://www.7756466.com libero nunc. Suspendisse est
  maximus bibendum. Donec fermentum mi ante, a fringilla justo suscipit non. Maecenas quis consequat

tests/test-directory/test-2-dir-0.txt:3, http://www.dlqx.de/test
  maximus bibendum. Donec fermentum mi ante, a fringilla justo suscipit non. Maecenas quis consequat
  eros. Nam tempor vulputate est vel aliquam. http://www.dlqx.de/test a purus et ligula volutpat scelerisque
  in vitae libero.

